/*---------------------------------------------------------------------------*\
  =========                 |
  \\      /  F ield         | OpenFOAM: The Open Source CFD Toolbox
   \\    /   O peration     | Website:  https://openfoam.org
    \\  /    A nd           | Version:  13
     \\/     M anipulation  |
\*---------------------------------------------------------------------------*/
Build  : 13-18870c24d21c
Exec   : createPatch
Date   : Aug 08 2026
Time   : 22:11:43
Host   : "<compute-host>"
PID    : 333
I/O    : uncollated
Case   : <run-root>/design_A_low_blockage
nProcs : 1
sigFpe : Enabling floating point exception trapping (FOAM_SIGFPE).
fileModificationChecking : Monitoring run-time modified files using timeStampMaster (fileModificationSkew 10)
allowSystemOperations : Allowing user-supplied system call operations

// * * * * * * * * * * * * * * * * * * * * * * * * * * * * * * * * * * * * * //
Create time

Create mesh for time = 0

Reading "createPatchDict"

Adding new patch fan_active_annulus as patch 4 from
{
    type            patch;
}


Set 1719 faces from zoneGenerator zone of type annulus

Doing topology modification to order faces.

Removing patches with no faces in them.

No patches removed.
Writing repatched mesh to 0

End
