/*---------------------------------------------------------------------------*\
  =========                 |
  \\      /  F ield         | OpenFOAM: The Open Source CFD Toolbox
   \\    /   O peration     | Website:  https://openfoam.org
    \\  /    A nd           | Version:  13
     \\/     M anipulation  |
\*---------------------------------------------------------------------------*/
Build  : 13-18870c24d21c
Exec   : blockMesh
Date   : Jul 03 2026
Time   : 20:36:30
Host   : "ANOOSYPC"
PID    : 589
I/O    : uncollated
Case   : <project-root>/openfoam_cases/design_A_low_blockage
nProcs : 1
sigFpe : Enabling floating point exception trapping (FOAM_SIGFPE).
fileModificationChecking : Monitoring run-time modified files using timeStampMaster (fileModificationSkew 10)
allowSystemOperations : Allowing user-supplied system call operations

// * * * * * * * * * * * * * * * * * * * * * * * * * * * * * * * * * * * * * //
Create time

Reading "blockMeshDict"

Creating block mesh from
    "system/blockMeshDict"
Creating block edges
No non-planar block faces defined
Creating topology blocks
Creating topology patches

Creating block mesh topology

Basic statistics
    Number of internal faces : 0
    Number of boundary faces : 6
    Number of defined boundary faces : 6
    Number of undefined boundary faces : 0

Checking topology
Creating block offsets
Creating merge list .

Creating polyMesh from blockMesh
Creating patches
Creating cells
Creating points with scale 1
    Block 0 cell size :
        i : 0.0040229885 .. 0.0040229885
        j : 0.004
        k : 0.004

Writing polyMesh
----------------
Mesh Information
----------------
  boundingBox: (0 -0.1 -0.1) (0.35 0.1 0.1)
  nPoints: 228888
  nCells: 217500
  nFaces: 663700
  nInternalFaces: 641300
----------------
Patches
----------------
  patch 0 (start: 641300 size: 2500) name: fan_active_annulus
  patch 1 (start: 643800 size: 2500) name: outlet
  patch 2 (start: 646300 size: 17400) name: walls

End

