/*---------------------------------------------------------------------------*\
  =========                 |
  \\      /  F ield         | OpenFOAM: The Open Source CFD Toolbox
   \\    /   O peration     | Website:  https://openfoam.org
    \\  /    A nd           | Version:  13
     \\/     M anipulation  |
\*---------------------------------------------------------------------------*/
Build  : 13-18870c24d21c
Exec   : checkMesh
Date   : Jul 03 2026
Time   : 20:43:36
Host   : "ANOOSYPC"
PID    : 794
I/O    : uncollated
Case   : <project-root>/openfoam_cases/design_B_angled_guide
nProcs : 1
sigFpe : Enabling floating point exception trapping (FOAM_SIGFPE).
fileModificationChecking : Monitoring run-time modified files using timeStampMaster (fileModificationSkew 10)
allowSystemOperations : Allowing user-supplied system call operations

// * * * * * * * * * * * * * * * * * * * * * * * * * * * * * * * * * * * * * //
Create time

Create mesh for time = 0

Time = 0s

Mesh stats
    points:           411177
    faces:            1124135
    internal faces:   1064691
    cells:            357784
    faces per cell:   6.1177303
    boundary patches: 4
    point zones:      0
    face zones:       0
    cell zones:       0

Overall number of cells of each type:
    hexahedra:     335027
    prisms:        3082
    wedges:        0
    pyramids:      0
    tet wedges:    16
    tetrahedra:    0
    polyhedra:     19659
    Breakdown of polyhedra by number of faces:
        faces   number of cells
            4   1408
            5   1586
            6   4175
            7   18
            8   28
            9   9581
           10   3
           11   8
           12   1861
           14   9
           15   751
           18   231

Checking topology...
    Boundary definition OK.
    Cell to face addressing OK.
    Point usage OK.
    Upper triangular ordering OK.
    Face vertices OK.
    Number of regions: 1 (OK).

Checking patch topology for multiply connected surfaces...
                   Patch    Faces   Points                  Surface topology
      fan_active_annulus     8442     9662  ok (non-closed singly connected)
                  outlet     2500     2601  ok (non-closed singly connected)
                   walls    17400    17600  ok (non-closed singly connected)
       guide_obstruction    31102    33996  ok (non-closed singly connected)

Checking geometry...
    Overall domain bounding box (0 -0.1 -0.1) (0.35 0.1 0.1)
    Mesh has 3 geometric (non-empty/wedge) directions (1 1 1)
    Mesh has 3 solution (non-empty) directions (1 1 1)
    Max cell openness = 4.0652973e-16 OK.
    Max aspect ratio = 3.9992887 OK.
    Minimum face area = 2.15376e-07. Maximum face area = 1.7170085e-05.  Face area magnitudes OK.
    Min volume = 2.0003809e-10. Max volume = 6.888181e-08.  Total volume = 0.013866318.  Cell volumes OK.
    Mesh non-orthogonality Max: 48.607371 average: 6.6688506
    Non-orthogonality check OK.
    Face pyramids OK.
    Max skewness = 1.5657989 OK.
    Coupled point location match (average 0) OK.

Mesh OK.

End

