/*---------------------------------------------------------------------------*\
  =========                 |
  \\      /  F ield         | OpenFOAM: The Open Source CFD Toolbox
   \\    /   O peration     | Website:  https://openfoam.org
    \\  /    A nd           | Version:  13
     \\/     M anipulation  |
\*---------------------------------------------------------------------------*/
Build  : 13-18870c24d21c
Exec   : surfaceCheck constant/triSurface/design_B_obstruction.stl
Date   : Jul 03 2026
Time   : 20:41:40
Host   : "ANOOSYPC"
PID    : 792
I/O    : uncollated
Case   : <project-root>/openfoam_cases/design_B_angled_guide
nProcs : 1
sigFpe : Enabling floating point exception trapping (FOAM_SIGFPE).
fileModificationChecking : Monitoring run-time modified files using timeStampMaster (fileModificationSkew 10)
allowSystemOperations : Allowing user-supplied system call operations

// * * * * * * * * * * * * * * * * * * * * * * * * * * * * * * * * * * * * * //
Reading surface from "constant/triSurface/design_B_obstruction.stl" ...

Statistics:
Triangles    : 528
Vertices     : 282
Bounding Box : (0 -0.06 -0.06) (0.025 0.06 0.06)

Region	Size
------	----
design_B_obstruction_m	528


Surface has no illegal triangles.

Triangle quality (equilateral=1, collapsed=0):
    0 .. 0.05  : 0
    0.05 .. 0.1  : 0.378788
    0.1 .. 0.15  : 0.5
    0.15 .. 0.2  : 0
    0.2 .. 0.25  : 0
    0.25 .. 0.3  : 0
    0.3 .. 0.35  : 0.030303
    0.35 .. 0.4  : 0
    0.4 .. 0.45  : 0.030303
    0.45 .. 0.5  : 0
    0.5 .. 0.55  : 0
    0.55 .. 0.6  : 0
    0.6 .. 0.65  : 0
    0.65 .. 0.7  : 0
    0.7 .. 0.75  : 0
    0.75 .. 0.8  : 0.0606061
    0.8 .. 0.85  : 0
    0.85 .. 0.9  : 0
    0.9 .. 0.95  : 0
    0.95 .. 1  : 0

    min 0.0883657 for triangle 77
    max 0.767145 for triangle 432

Edges:
    min 0.00143964 for edge 114 points (0 0.0197312 0.00973035)(0 0.0190526 0.011)
    max 0.122577 for edge 0 points (0.025 0.06 0.0525)(0 -0.06 0.0525)

Checking for points less than 1e-6 of bounding box ((0.025 0.12 0.12) metre) apart.
Found 0 nearby points.

Surface is not closed since not all edges connected to two faces:
    connected to one face : 0
    connected to >2 faces : 4
Conflicting face labels:16
Dumping conflicting face labels to "problemFaces"
Paste this into the input for surfaceSubset

Number of unconnected parts : 10
Splitting surface into parts ...

Writing zoning to "zone_design_B_obstruction.vtk"...

writing part 0 size 48 to "design_B_obstruction_0.obj"
writing part 1 size 384 to "design_B_obstruction_1.obj"
writing part 2 size 12 to "design_B_obstruction_2.obj"
writing part 3 size 12 to "design_B_obstruction_3.obj"
writing part 4 size 12 to "design_B_obstruction_4.obj"
writing part 5 size 12 to "design_B_obstruction_5.obj"
writing part 6 size 12 to "design_B_obstruction_6.obj"
writing part 7 size 12 to "design_B_obstruction_7.obj"
writing part 8 size 12 to "design_B_obstruction_8.obj"
writing part 9 size 12 to "design_B_obstruction_9.obj"

Number of zones (connected area with consistent normal) : 13
More than one normal orientation.


End

