/*---------------------------------------------------------------------------*\
  =========                 |
  \\      /  F ield         | OpenFOAM: The Open Source CFD Toolbox
   \\    /   O peration     | Website:  https://openfoam.org
    \\  /    A nd           | Version:  13
     \\/     M anipulation  |
\*---------------------------------------------------------------------------*/
Build  : 13-18870c24d21c
Exec   : foamPostProcess -dict system/sampleDict -latestTime
Date   : Aug 09 2026
Time   : 00:34:36
Host   : "<compute-host>"
PID    : 306
I/O    : uncollated
Case   : <run-root>/baseline_no_guide
nProcs : 1
sigFpe : Enabling floating point exception trapping (FOAM_SIGFPE).
fileModificationChecking : Monitoring run-time modified files using timeStampMaster (fileModificationSkew 10)
allowSystemOperations : Allowing user-supplied system call operations

// * * * * * * * * * * * * * * * * * * * * * * * * * * * * * * * * * * * * * //
Create time

Create mesh for time = 800

Reading set description:
    plane_x_100mm
    plane_x_130mm
    plane_x_350mm

Time = 800s

Reading fields:
    volScalarFields: p
    volVectorFields: U

Executing functionObjects

End
