/*---------------------------------------------------------------------------*\
  =========                 |
  \\      /  F ield         | OpenFOAM: The Open Source CFD Toolbox
   \\    /   O peration     | Website:  https://openfoam.org
    \\  /    A nd           | Version:  13
     \\/     M anipulation  |
\*---------------------------------------------------------------------------*/
Build  : 13-18870c24d21c
Exec   : surfaceCheck constant/triSurface/obstruction.stl
Date   : Aug 08 2026
Time   : 22:11:01
Host   : "<compute-host>"
PID    : 323
I/O    : uncollated
Case   : <run-root>/baseline_no_guide
nProcs : 1
sigFpe : Enabling floating point exception trapping (FOAM_SIGFPE).
fileModificationChecking : Monitoring run-time modified files using timeStampMaster (fileModificationSkew 10)
allowSystemOperations : Allowing user-supplied system call operations

// * * * * * * * * * * * * * * * * * * * * * * * * * * * * * * * * * * * * * //
Reading surface from "constant/triSurface/obstruction.stl" ...

Statistics:
Triangles    : 2044
Vertices     : 1016
Bounding Box : (0 -0.06 -0.06) (0.025 0.06 0.06)

Region	Size
------	----
patch0	2044


Surface has no illegal triangles.

Triangle quality (equilateral=1, collapsed=0):
    0 .. 0.05  : 0.786693
    0.05 .. 0.1  : 0.092955
    0.1 .. 0.15  : 0.00880626
    0.15 .. 0.2  : 0
    0.2 .. 0.25  : 0.0919765
    0.25 .. 0.3  : 0.00978474
    0.3 .. 0.35  : 0.00880626
    0.35 .. 0.4  : 0
    0.4 .. 0.45  : 0
    0.45 .. 0.5  : 0
    0.5 .. 0.55  : 0
    0.55 .. 0.6  : 0.000978474
    0.6 .. 0.65  : 0
    0.65 .. 0.7  : 0
    0.7 .. 0.75  : 0
    0.75 .. 0.8  : 0
    0.8 .. 0.85  : 0
    0.85 .. 0.9  : 0
    0.9 .. 0.95  : 0
    0.95 .. 1  : 0

    min 8.27393e-05 for triangle 32
    max 0.572368 for triangle 1955

Edges:
    min 0.000183213 for edge 56 points (0 0.0517779 -0.0548412)(0 0.0519548 -0.0548886)
    max 0.122577 for edge 860 points (0.025 -0.06 0.06)(0 -0.06 -0.06)

Checking for points less than 1e-6 of bounding box ((0.025 0.12 0.12) metre) apart.
Found 0 nearby points.

Surface is closed. All edges connected to two faces.

Number of unconnected parts : 2
Splitting surface into parts ...

Writing zoning to "zone_obstruction.vtk"...

writing part 0 size 1712 to "obstruction_0.obj"
writing part 1 size 332 to "obstruction_1.obj"

Number of zones (connected area with consistent normal) : 2
More than one normal orientation.


End
