/*---------------------------------------------------------------------------*\
  =========                 |
  \\      /  F ield         | OpenFOAM: The Open Source CFD Toolbox
   \\    /   O peration     | Website:  https://openfoam.org
    \\  /    A nd           | Version:  13
     \\/     M anipulation  |
\*---------------------------------------------------------------------------*/
Build  : 13-18870c24d21c
Exec   : checkMesh
Date   : Jul 03 2026
Time   : 20:34:21
Host   : "ANOOSYPC"
PID    : 390
I/O    : uncollated
Case   : <project-root>/openfoam_cases/baseline_no_guide
nProcs : 1
sigFpe : Enabling floating point exception trapping (FOAM_SIGFPE).
fileModificationChecking : Monitoring run-time modified files using timeStampMaster (fileModificationSkew 10)
allowSystemOperations : Allowing user-supplied system call operations

// * * * * * * * * * * * * * * * * * * * * * * * * * * * * * * * * * * * * * //
Create time

Create mesh for time = 0

Time = 0s

Mesh stats
    points:           228888
    faces:            663700
    internal faces:   641300
    cells:            217500
    faces per cell:   6
    boundary patches: 3
    point zones:      0
    face zones:       0
    cell zones:       0

Overall number of cells of each type:
    hexahedra:     217500
    prisms:        0
    wedges:        0
    pyramids:      0
    tet wedges:    0
    tetrahedra:    0
    polyhedra:     0

Checking topology...
    Boundary definition OK.
    Cell to face addressing OK.
    Point usage OK.
    Upper triangular ordering OK.
    Face vertices OK.
    Number of regions: 1 (OK).

Checking patch topology for multiply connected surfaces...
    Patch               Faces    Points   Surface topology                  
    fan_active_annulus  2500     2601     ok (non-closed singly connected)  
    outlet              2500     2601     ok (non-closed singly connected)  
    walls               17400    17600    ok (non-closed singly connected)  

Checking geometry...
    Overall domain bounding box (0 -0.1 -0.1) (0.35 0.1 0.1)
    Mesh has 3 geometric (non-empty/wedge) directions (1 1 1)
    Mesh has 3 solution (non-empty) directions (1 1 1)
    Max cell openness = 2.1175824e-16 OK.
    Max aspect ratio = 1.0057472 OK.
    Minimum face area = 1.6e-05. Maximum face area = 1.6091954e-05.  Face area magnitudes OK.
    Min volume = 6.4367815e-08. Max volume = 6.4367818e-08.  Total volume = 0.014.  Cell volumes OK.
    Mesh non-orthogonality Max: 0 average: 0
    Non-orthogonality check OK.
    Face pyramids OK.
    Max skewness = 9.6589403e-14 OK.
    Coupled point location match (average 0) OK.

Mesh OK.

End

