/*---------------------------------------------------------------------------*\
  =========                 |
  \\      /  F ield         | OpenFOAM: The Open Source CFD Toolbox
   \\    /   O peration     | Website:  https://openfoam.org
    \\  /    A nd           | Version:  13
     \\/     M anipulation  |
\*---------------------------------------------------------------------------*/
Build  : 13-18870c24d21c
Exec   : blockMesh
Date   : Aug 08 2026
Time   : 22:11:00
Host   : "<compute-host>"
PID    : 322
I/O    : uncollated
Case   : <run-root>/design_B_angled_guide
nProcs : 1
sigFpe : Enabling floating point exception trapping (FOAM_SIGFPE).
fileModificationChecking : Monitoring run-time modified files using timeStampMaster (fileModificationSkew 10)
allowSystemOperations : Allowing user-supplied system call operations

// * * * * * * * * * * * * * * * * * * * * * * * * * * * * * * * * * * * * * //
Create time

Reading "blockMeshDict"

Creating block mesh from
    "system/blockMeshDict"
Creating block edges
No non-planar block faces defined
Creating topology blocks
Creating topology patches

Creating block mesh topology

Basic statistics
    Number of internal faces : 0
    Number of boundary faces : 6
    Number of defined boundary faces : 6
    Number of undefined boundary faces : 0

Checking topology
Creating block offsets
Creating merge list .

Creating polyMesh from blockMesh
Creating patches
Creating cells
Creating points with scale 1
    Block 0 cell size :
        i : 0.004 .. 0.004
        j : 0.004
        k : 0.004

Writing polyMesh
----------------
Mesh Information
----------------
  boundingBox: (-0.004 -0.1 -0.1) (0.396 0.1 0.1)
  nPoints: 262701
  nCells: 250000
  nFaces: 762500
  nInternalFaces: 737500
----------------
Patches
----------------
  patch 0 (start: 737500 size: 2500) name: inlet_blocked
  patch 1 (start: 740000 size: 2500) name: outlet
  patch 2 (start: 742500 size: 20000) name: walls

End
