/*---------------------------------------------------------------------------*\
  =========                 |
  \\      /  F ield         | OpenFOAM: The Open Source CFD Toolbox
   \\    /   O peration     | Website:  https://openfoam.org
    \\  /    A nd           | Version:  13
     \\/     M anipulation  |
\*---------------------------------------------------------------------------*/
Build  : 13-18870c24d21c
Exec   : checkMesh
Date   : Aug 09 2026
Time   : 00:36:04
Host   : "<compute-host>"
PID    : 302
I/O    : uncollated
Case   : <run-root>/design_B_angled_guide
nProcs : 1
sigFpe : Enabling floating point exception trapping (FOAM_SIGFPE).
fileModificationChecking : Monitoring run-time modified files using timeStampMaster (fileModificationSkew 10)
allowSystemOperations : Allowing user-supplied system call operations

// * * * * * * * * * * * * * * * * * * * * * * * * * * * * * * * * * * * * * //
Create time

Create mesh for time = 0

Time = 0s

Mesh stats
    points:           421210
    faces:            1150472
    internal faces:   1084492
    cells:            365342
    faces per cell:   6.1174571
    boundary patches: 5
    point zones:      0
    face zones:       0
    cell zones:       0

Overall number of cells of each type:
    hexahedra:     338148
    prisms:        7240
    wedges:        0
    pyramids:      0
    tet wedges:    120
    tetrahedra:    0
    polyhedra:     19834
    Breakdown of polyhedra by number of faces:
        faces   number of cells
            4   16
            5   1144
            6   5539
            8   52
            9   9816
           10   8
           11   8
           12   2562
           13   8
           15   561
           18   111
           21   9

Checking topology...
    Boundary definition OK.
    Cell to face addressing OK.
    Point usage OK.
    Upper triangular ordering OK.
    Face vertices OK.
    Number of regions: 1 (OK).

Checking patch topology for multiply connected surfaces...
                   Patch    Faces   Points                  Surface topology
           inlet_blocked     4108     4421  ok (non-closed singly connected)
                  outlet     2500     2601  ok (non-closed singly connected)
                   walls    20000    20200  ok (non-closed singly connected)
             obstruction    37584    39122      ok (closed singly connected)
      fan_active_annulus     1788     1966  ok (non-closed singly connected)

Checking geometry...
    Overall domain bounding box (-0.004 -0.1 -0.1) (0.396 0.1 0.1)
    Mesh has 3 geometric (non-empty/wedge) directions (1 1 1)
    Mesh has 3 solution (non-empty) directions (1 1 1)
    Max cell openness = 4.2849233e-16 OK.
    Max aspect ratio = 5.0839714 OK.
    Minimum face area = 2.9793619e-07. Maximum face area = 1.7368079e-05.  Face area magnitudes OK.
    Min volume = 1.5917802e-10. Max volume = 6.9747892e-08.  Total volume = 0.015813301.  Cell volumes OK.
    Mesh non-orthogonality Max: 57.006657 average: 6.9823907
    Non-orthogonality check OK.
    Face pyramids OK.
    Max skewness = 1.986106 OK.
    Coupled point location match (average 0) OK.

Mesh OK.

End
